// Vitest Snapshot v1, https://vitest.dev/guide/snapshot.html

exports[`nx-verdaccio plugin create-nodes-v2 > should add environment targets to project with targetName e2e dynamically 1`] = `
{
  "e2e": {
    "configurations": {},
    "dependsOn": [
      {
        "params": "forward",
        "target": "nxv-env-setup",
      },
    ],
    "executor": "nx:noop",
    "options": {},
    "parallelism": true,
  },
  "nxv-e2e": {
    "configurations": {},
    "dependsOn": [
      {
        "params": "forward",
        "target": "e2e",
      },
    ],
    "executor": "@push-based/nx-verdaccio:env-teardown",
    "options": {},
    "parallelism": true,
  },
  "nxv-env-bootstrap": {
    "configurations": {},
    "executor": "@push-based/nx-verdaccio:env-bootstrap",
    "options": {},
    "parallelism": true,
  },
  "nxv-env-install": {
    "configurations": {},
    "dependsOn": [
      {
        "params": "forward",
        "projects": "dependencies",
        "target": "nxv-pkg-install",
      },
    ],
    "executor": "nx:run-commands",
    "options": {
      "command": "echo "dependencies installed for tmp/environments/lib-a-e2e"",
      "environmentRoot": "tmp/environments/lib-a-e2e",
    },
    "parallelism": true,
  },
  "nxv-env-setup": {
    "cache": true,
    "configurations": {},
    "executor": "@push-based/nx-verdaccio:env-setup",
    "inputs": [
      "{projectRoot}/project.json",
      {
        "runtime": "node --version",
      },
      {
        "runtime": "npm --version",
      },
      {
        "externalDependencies": [
          "verdaccio",
        ],
      },
      "^production",
    ],
    "options": {},
    "outputs": [
      "{options.environmentRoot}/.npmrc",
      "{options.environmentRoot}/package.json",
      "{options.environmentRoot}/package-lock.json",
      "{options.environmentRoot}/node_modules",
    ],
    "parallelism": true,
  },
  "nxv-env-teardown": {
    "configurations": {},
    "executor": "@push-based/nx-verdaccio:env-teardown",
    "options": {},
    "parallelism": true,
  },
  "nxv-verdaccio-start": {
    "configurations": {},
    "executor": "@nx/js:verdaccio",
    "options": {
      "clear": true,
      "config": ".verdaccio/config.yml",
      "environmentDir": "tmp/environments/lib-a-e2e",
      "port": Any<Number>,
      "projectName": "lib-a-e2e",
      "storage": "tmp/environments/lib-a-e2e/storage",
    },
    "outputs": [
      "{options.environmentRoot}/storage",
    ],
    "parallelism": true,
  },
  "nxv-verdaccio-stop": {
    "configurations": {},
    "executor": "@push-based/nx-verdaccio:kill-process",
    "options": {
      "filePath": "tmp/environments/verdaccio-registry.json",
    },
    "parallelism": true,
  },
}
`;
